../Core/Src/main.c:96:5:main	800	static
../Core/Src/main.c:305:6:SystemClock_Config	88	static
../Core/Src/main.c:352:13:MX_TIM2_Init	48	static
../Core/Src/main.c:400:13:MX_TIM3_Init	64	static
../Core/Src/main.c:459:13:MX_USART2_UART_Init	8	static
../Core/Src/main.c:492:13:MX_GPIO_Init	48	static
../Core/Src/main.c:531:6:delayMicros	24	static
../Core/Src/main.c:545:5:letturaAngolo	32	static
../Core/Src/main.c:578:7:letturaAngoloDist	24	static
../Core/Src/main.c:608:6:Error_Handler	4	static,ignoring_inline_asm
